
> client@0.0.0 build
> vite build

[36mvite v8.0.3 [32mbuilding client environment for production...[36m[39m
[2K
transforming...Γ£ô 25 modules transformed.
node.exe : [31mΓ£ù[39m 
Build failed in 382ms
At line:1 char:1
+ & "C:\Program 
Files\nodejs/node.exe" 
"C:\Program 
Files\nodejs/node_mo ...
+ ~~~~~~~~~~~~~~~~~~~~~~~~
~~~~~~~~~~~~~~~~~~~~~~~~~~
~~~~~~~~~~~~~~~~~~~
    + CategoryInfo        
      : NotSpecified: (  
  [31mΓ£ù[39m Build fa   
 iled in 382ms:String)    
 [], RemoteException
    + FullyQualifiedError 
   Id : NativeCommandErr  
  or
 
[31merror during build:
[31mBuild failed with 1 
error:

[plugin vite:css] C:/Users
/sabhi/OneDrive/Desktop/OS
N/open-source-navigator/cl
ient/src/index.css:undefin
ed:NaN
Error: [postcss] It looks 
like you're trying to use 
`tailwindcss` directly as 
a PostCSS plugin. The 
PostCSS plugin has moved 
to a separate package, so 
to continue using 
Tailwind CSS with PostCSS 
you'll need to install 
`@tailwindcss/postcss` 
and update your PostCSS 
configuration.
    at at (C:\Users\sabhi\
OneDrive\Desktop\OSN\open-
source-navigator\client\no
de_modules\tailwindcss\dis
t\lib.js:38:1643)
    at 
LazyResult.runOnRoot (C:\U
sers\sabhi\OneDrive\Deskto
p\OSN\open-source-navigato
r\client\node_modules\post
css\lib\lazy-result.js:361
:16)
    at 
LazyResult.runAsync (C:\Us
ers\sabhi\OneDrive\Desktop
\OSN\open-source-navigator
\client\node_modules\postc
ss\lib\lazy-result.js:290:
26)
    at LazyResult.async (C
:\Users\sabhi\OneDrive\Des
ktop\OSN\open-source-navig
ator\client\node_modules\p
ostcss\lib\lazy-result.js:
192:30)
    at LazyResult.then (C:
\Users\sabhi\OneDrive\Desk
top\OSN\open-source-naviga
tor\client\node_modules\po
stcss\lib\lazy-result.js:4
36:17)[31m
    at aggregateBindingErr
orsIntoJsError (file:///C:
/Users/sabhi/OneDrive/Desk
top/OSN/open-source-naviga
tor/client/node_modules/ro
lldown/dist/shared/error-B
LhcSyeg.mjs:48:18)
    at 
unwrapBindingResult (file:
///C:/Users/sabhi/OneDrive
/Desktop/OSN/open-source-n
avigator/client/node_modul
es/rolldown/dist/shared/er
ror-BLhcSyeg.mjs:18:128)
    at #build (file:///C:/
Users/sabhi/OneDrive/Deskt
op/OSN/open-source-navigat
or/client/node_modules/rol
ldown/dist/shared/rolldown
-build-CPrIX9V6.mjs:3313:3
4)
    at async 
buildEnvironment (file:///
C:/Users/sabhi/OneDrive/De
sktop/OSN/open-source-navi
gator/client/node_modules/
vite/dist/node/chunks/node
.js:32849:64)
    at async Object.build 
(file:///C:/Users/sabhi/On
eDrive/Desktop/OSN/open-so
urce-navigator/client/node
_modules/vite/dist/node/ch
unks/node.js:33271:19)
    at async 
Object.buildApp (file:///C
:/Users/sabhi/OneDrive/Des
ktop/OSN/open-source-navig
ator/client/node_modules/v
ite/dist/node/chunks/node.
js:33268:153)
    at async 
CAC.<anonymous> (file:///C
:/Users/sabhi/OneDrive/Des
ktop/OSN/open-source-navig
ator/client/node_modules/v
ite/dist/node/cli.js:778:3
) {
  errors: [Getter/Setter]
}[39m
